src/app/[locale]/dashboard/settings/page.tsx(59,26): error TS2322: Type '{ id: string; updatedAt: Date; primaryColor: string; secondaryColor: string; backgroundColor: string; accentColor: string; businessName: string | null; logoUrl: string | null; businessEmail: string | null; ... 12 more ...; defaultLanguage: string; } | { ...; }' is not assignable to type 'Settings'.
  Property 'defaultLanguage' is missing in type '{ primaryColor: string; secondaryColor: string; backgroundColor: string; accentColor: string; uploadProvider: string; businessName: null; logoUrl: null; businessEmail: null; businessPhone: null; ... 9 more ...; r2PublicUrl: null; }' but required in type 'Settings'.
src/app/api/cms/home/route.ts(171,5): error TS2554: Expected 2 arguments, but got 1.
